2025-08-20 12:47:42,718 - ERROR - FilterSectionInquiry failed: 500: ac-x29tfam-shard-00-00.p9rjcrc.mongodb.net:27017: [Errno 11001] getaddrinfo failed (configured timeouts: socketTimeoutMS: 20000.0ms, connectTimeoutMS: 20000.0ms),ac-x29tfam-shard-00-01.p9rjcrc.mongodb.net:27017: [Errno 11001] getaddrinfo failed (configured timeouts: socketTimeoutMS: 20000.0ms, connectTimeoutMS: 20000.0ms),ac-x29tfam-shard-00-02.p9rjcrc.mongodb.net:27017: [Errno 11001] getaddrinfo failed (configured timeouts: socketTimeoutMS: 20000.0ms, connectTimeoutMS: 20000.0ms), Timeout: 30s, Topology Description: <TopologyDescription id: 68a522ea9a65af6986789736, topology_type: ReplicaSetNoPrimary, servers: [<ServerDescription ('ac-x29tfam-shard-00-00.p9rjcrc.mongodb.net', 27017) server_type: Unknown, rtt: None, error=AutoReconnect('ac-x29tfam-shard-00-00.p9rjcrc.mongodb.net:27017: [Errno 11001] getaddrinfo failed (configured timeouts: socketTimeoutMS: 20000.0ms, connectTimeoutMS: 20000.0ms)')>, <ServerDescription ('ac-x29tfam-shard-00-01.p9rjcrc.mongodb.net', 27017) server_type: Unknown, rtt: None, error=AutoReconnect('ac-x29tfam-shard-00-01.p9rjcrc.mongodb.net:27017: [Errno 11001] getaddrinfo failed (configured timeouts: socketTimeoutMS: 20000.0ms, connectTimeoutMS: 20000.0ms)')>, <ServerDescription ('ac-x29tfam-shard-00-02.p9rjcrc.mongodb.net', 27017) server_type: Unknown, rtt: None, error=AutoReconnect('ac-x29tfam-shard-00-02.p9rjcrc.mongodb.net:27017: [Errno 11001] getaddrinfo failed (configured timeouts: socketTimeoutMS: 20000.0ms, connectTimeoutMS: 20000.0ms)')>]>
2025-08-20 12:47:43,908 - ERROR - FilterSectionInquiry failed: 500: ac-x29tfam-shard-00-00.p9rjcrc.mongodb.net:27017: [Errno 11001] getaddrinfo failed (configured timeouts: socketTimeoutMS: 20000.0ms, connectTimeoutMS: 20000.0ms),ac-x29tfam-shard-00-01.p9rjcrc.mongodb.net:27017: [Errno 11001] getaddrinfo failed (configured timeouts: socketTimeoutMS: 20000.0ms, connectTimeoutMS: 20000.0ms),ac-x29tfam-shard-00-02.p9rjcrc.mongodb.net:27017: [Errno 11001] getaddrinfo failed (configured timeouts: socketTimeoutMS: 20000.0ms, connectTimeoutMS: 20000.0ms), Timeout: 30s, Topology Description: <TopologyDescription id: 68a522ea9a65af6986789736, topology_type: ReplicaSetNoPrimary, servers: [<ServerDescription ('ac-x29tfam-shard-00-00.p9rjcrc.mongodb.net', 27017) server_type: Unknown, rtt: None, error=AutoReconnect('ac-x29tfam-shard-00-00.p9rjcrc.mongodb.net:27017: [Errno 11001] getaddrinfo failed (configured timeouts: socketTimeoutMS: 20000.0ms, connectTimeoutMS: 20000.0ms)')>, <ServerDescription ('ac-x29tfam-shard-00-01.p9rjcrc.mongodb.net', 27017) server_type: Unknown, rtt: None, error=AutoReconnect('ac-x29tfam-shard-00-01.p9rjcrc.mongodb.net:27017: [Errno 11001] getaddrinfo failed (configured timeouts: socketTimeoutMS: 20000.0ms, connectTimeoutMS: 20000.0ms)')>, <ServerDescription ('ac-x29tfam-shard-00-02.p9rjcrc.mongodb.net', 27017) server_type: Unknown, rtt: None, error=AutoReconnect('ac-x29tfam-shard-00-02.p9rjcrc.mongodb.net:27017: [Errno 11001] getaddrinfo failed (configured timeouts: socketTimeoutMS: 20000.0ms, connectTimeoutMS: 20000.0ms)')>]>
2025-08-20 12:48:50,923 - ERROR - FilterSectionInquiry failed: 500: ac-x29tfam-shard-00-00.p9rjcrc.mongodb.net:27017: [Errno 11001] getaddrinfo failed (configured timeouts: socketTimeoutMS: 20000.0ms, connectTimeoutMS: 20000.0ms),ac-x29tfam-shard-00-01.p9rjcrc.mongodb.net:27017: [Errno 11001] getaddrinfo failed (configured timeouts: socketTimeoutMS: 20000.0ms, connectTimeoutMS: 20000.0ms),ac-x29tfam-shard-00-02.p9rjcrc.mongodb.net:27017: [Errno 11001] getaddrinfo failed (configured timeouts: socketTimeoutMS: 20000.0ms, connectTimeoutMS: 20000.0ms), Timeout: 30s, Topology Description: <TopologyDescription id: 68a522ea9a65af6986789736, topology_type: ReplicaSetNoPrimary, servers: [<ServerDescription ('ac-x29tfam-shard-00-00.p9rjcrc.mongodb.net', 27017) server_type: Unknown, rtt: None, error=AutoReconnect('ac-x29tfam-shard-00-00.p9rjcrc.mongodb.net:27017: [Errno 11001] getaddrinfo failed (configured timeouts: socketTimeoutMS: 20000.0ms, connectTimeoutMS: 20000.0ms)')>, <ServerDescription ('ac-x29tfam-shard-00-01.p9rjcrc.mongodb.net', 27017) server_type: Unknown, rtt: None, error=AutoReconnect('ac-x29tfam-shard-00-01.p9rjcrc.mongodb.net:27017: [Errno 11001] getaddrinfo failed (configured timeouts: socketTimeoutMS: 20000.0ms, connectTimeoutMS: 20000.0ms)')>, <ServerDescription ('ac-x29tfam-shard-00-02.p9rjcrc.mongodb.net', 27017) server_type: Unknown, rtt: None, error=AutoReconnect('ac-x29tfam-shard-00-02.p9rjcrc.mongodb.net:27017: [Errno 11001] getaddrinfo failed (configured timeouts: socketTimeoutMS: 20000.0ms, connectTimeoutMS: 20000.0ms)')>]>
2025-08-20 12:48:53,429 - ERROR - FilterSectionInquiry failed: 500: ac-x29tfam-shard-00-00.p9rjcrc.mongodb.net:27017: [Errno 11001] getaddrinfo failed (configured timeouts: socketTimeoutMS: 20000.0ms, connectTimeoutMS: 20000.0ms),ac-x29tfam-shard-00-01.p9rjcrc.mongodb.net:27017: [Errno 11001] getaddrinfo failed (configured timeouts: socketTimeoutMS: 20000.0ms, connectTimeoutMS: 20000.0ms),ac-x29tfam-shard-00-02.p9rjcrc.mongodb.net:27017: [Errno 11001] getaddrinfo failed (configured timeouts: socketTimeoutMS: 20000.0ms, connectTimeoutMS: 20000.0ms), Timeout: 30s, Topology Description: <TopologyDescription id: 68a522ea9a65af6986789736, topology_type: ReplicaSetNoPrimary, servers: [<ServerDescription ('ac-x29tfam-shard-00-00.p9rjcrc.mongodb.net', 27017) server_type: Unknown, rtt: None, error=AutoReconnect('ac-x29tfam-shard-00-00.p9rjcrc.mongodb.net:27017: [Errno 11001] getaddrinfo failed (configured timeouts: socketTimeoutMS: 20000.0ms, connectTimeoutMS: 20000.0ms)')>, <ServerDescription ('ac-x29tfam-shard-00-01.p9rjcrc.mongodb.net', 27017) server_type: Unknown, rtt: None, error=AutoReconnect('ac-x29tfam-shard-00-01.p9rjcrc.mongodb.net:27017: [Errno 11001] getaddrinfo failed (configured timeouts: socketTimeoutMS: 20000.0ms, connectTimeoutMS: 20000.0ms)')>, <ServerDescription ('ac-x29tfam-shard-00-02.p9rjcrc.mongodb.net', 27017) server_type: Unknown, rtt: None, error=AutoReconnect('ac-x29tfam-shard-00-02.p9rjcrc.mongodb.net:27017: [Errno 11001] getaddrinfo failed (configured timeouts: socketTimeoutMS: 20000.0ms, connectTimeoutMS: 20000.0ms)')>]>
2025-08-25 16:37:34,423 - ERROR - FilterSectionInquiry failed: 500: MotorCollection object is not callable. If you meant to call the 'find' method on a MotorCollection object it is failing because no such method exists.
2025-08-25 16:44:22,231 - ERROR - FilterSectionInquiry failed: 500: MotorCollection object is not callable. If you meant to call the 'find' method on a MotorCollection object it is failing because no such method exists.
2025-08-25 16:47:30,117 - ERROR - FilterSectionInquiry failed: 500: MotorCollection object is not callable. If you meant to call the 'find' method on a MotorCollection object it is failing because no such method exists.
2025-08-25 16:53:24,302 - ERROR - FilterSectionInquiry failed: 500: 'dict' object has no attribute 'origin_goods_code'
2025-08-25 16:53:34,390 - ERROR - FilterSectionInquiry failed: 500: 'dict' object has no attribute 'origin_goods_code'
2025-08-25 17:03:42,385 - ERROR - FilterSectionInquiry failed: 500: 'dict' object has no attribute 'origin_goods_code'
2025-08-25 17:04:48,617 - ERROR - FilterSectionInquiry failed: 500: 'dict' object has no attribute 'origin_goods_code'
2025-08-29 21:07:25,646 - ERROR - FilterSectionInquiry failed: 500: 'dict' object has no attribute 'origin_goods_code'
2025-08-29 21:07:31,391 - ERROR - FilterSectionInquiry failed: 500: 'dict' object has no attribute 'origin_goods_code'
2025-08-29 21:09:10,520 - ERROR - FilterSectionInquiry failed: 500: 'dict' object has no attribute 'origin_goods_code'
2025-08-29 21:09:22,339 - ERROR - FilterSectionInquiry failed: 500: 'dict' object has no attribute 'origin_goods_code'
2025-08-29 21:09:59,585 - ERROR - FilterSectionInquiry failed: 500: 'dict' object has no attribute 'origin_goods_code'
2025-08-29 21:14:00,165 - ERROR - FilterSectionInquiry failed: 500: 'dict' object has no attribute 'origin_goods_code'
2025-08-29 21:23:14,450 - ERROR - FilterSectionInquiry failed: 500: 'dict' object has no attribute 'origin_goods_code'
2025-08-29 21:58:58,340 - ERROR - FilterSectionInquiry failed: 500: 'dict' object has no attribute 'origin_goods_code'
2025-08-29 21:59:01,948 - ERROR - FilterSectionInquiry failed: 500: 'dict' object has no attribute 'origin_goods_code'
2025-08-29 21:59:10,442 - ERROR - FilterSectionInquiry failed: 500: 'dict' object has no attribute 'origin_goods_code'
2025-08-29 21:59:56,459 - ERROR - FilterSectionInquiry failed: 500: 'dict' object has no attribute 'origin_goods_code'
2025-08-29 21:59:58,301 - ERROR - FilterSectionInquiry failed: 500: 'dict' object has no attribute 'origin_goods_code'
2025-08-29 22:00:08,511 - ERROR - FilterSectionInquiry failed: 500: 'dict' object has no attribute 'origin_goods_code'
2025-08-29 22:02:34,667 - ERROR - FilterSectionInquiry failed: 500: 'dict' object has no attribute 'origin_goods_code'
2025-08-29 22:02:53,143 - ERROR - FilterSectionInquiry failed: 500: 'dict' object has no attribute 'origin_goods_code'
2025-08-29 22:04:04,650 - ERROR - FilterSectionInquiry failed: 500: 'dict' object has no attribute 'origin_goods_code'
2025-08-29 22:04:30,677 - ERROR - FilterSectionInquiry failed: 500: 'dict' object has no attribute 'origin_goods_code'
2025-08-29 22:13:30,607 - ERROR - FilterSectionInquiry failed: 500: 'dict' object has no attribute 'origin_goods_code'
2025-08-29 22:16:59,398 - ERROR - FilterSectionInquiry failed: 500: 'dict' object has no attribute 'origin_goods_code'
2025-08-29 22:22:14,301 - ERROR - FilterSectionInquiry failed: 500: 'dict' object has no attribute 'origin_goods_code'
2025-08-29 22:24:07,878 - ERROR - FilterSectionInquiry failed: 500: 'dict' object has no attribute 'origin_goods_code'
2025-08-29 22:24:11,371 - ERROR - FilterSectionInquiry failed: 500: 'dict' object has no attribute 'origin_goods_code'
2025-08-29 22:26:22,592 - ERROR - FilterSectionInquiry failed: 500: 'dict' object has no attribute 'origin_goods_code'
2025-08-29 22:26:32,957 - ERROR - FilterSectionInquiry failed: Object of type datetime is not JSON serializable
2025-08-29 22:26:33,727 - ERROR - FilterSectionInquiry failed: Object of type datetime is not JSON serializable
2025-08-29 22:26:41,160 - ERROR - FilterSectionInquiry failed: Object of type datetime is not JSON serializable
2025-08-29 22:29:13,456 - ERROR - FilterSectionInquiry failed: Object of type datetime is not JSON serializable
