2024-07-12 01:00:35,232 - ERROR - Timeout occurred during fetching for goods_code: A000000207411 - Message: 
Stacktrace:
	GetHandleVerifier [0x0037C1C3+27395]
	(No symbol) [0x00313DC4]
	(No symbol) [0x00211B7F]
	(No symbol) [0x00252C65]
	(No symbol) [0x00252D3B]
	(No symbol) [0x0028EC82]
	(No symbol) [0x002739E4]
	(No symbol) [0x0028CB24]
	(No symbol) [0x00273736]
	(No symbol) [0x00247541]
	(No symbol) [0x002480BD]
	GetHandleVerifier [0x00633A93+2876371]
	GetHandleVerifier [0x00687F5D+3221661]
	GetHandleVerifier [0x003FD634+556916]
	GetHandleVerifier [0x0040474C+585868]
	(No symbol) [0x0031CE04]
	(No symbol) [0x00319818]
	(No symbol) [0x003199B7]
	(No symbol) [0x0030BF0E]
	BaseThreadInitThunk [0x76967BA9+25]
	RtlInitializeExceptionChain [0x76FEC10B+107]
	RtlClearBits [0x76FEC08F+191]

2024-07-12 01:00:54,934 - ERROR - Timeout occurred during fetching for goods_code: A000000174389 - Message: 
Stacktrace:
	GetHandleVerifier [0x0037C1C3+27395]
	(No symbol) [0x00313DC4]
	(No symbol) [0x00211B7F]
	(No symbol) [0x00252C65]
	(No symbol) [0x00252D3B]
	(No symbol) [0x0028EC82]
	(No symbol) [0x002739E4]
	(No symbol) [0x0028CB24]
	(No symbol) [0x00273736]
	(No symbol) [0x00247541]
	(No symbol) [0x002480BD]
	GetHandleVerifier [0x00633A93+2876371]
	GetHandleVerifier [0x00687F5D+3221661]
	GetHandleVerifier [0x003FD634+556916]
	GetHandleVerifier [0x0040474C+585868]
	(No symbol) [0x0031CE04]
	(No symbol) [0x00319818]
	(No symbol) [0x003199B7]
	(No symbol) [0x0030BF0E]
	BaseThreadInitThunk [0x76967BA9+25]
	RtlInitializeExceptionChain [0x76FEC10B+107]
	RtlClearBits [0x76FEC08F+191]

2024-07-12 01:01:08,779 - ERROR - Timeout occurred during fetching for goods_code: A000000204402 - Message: 
Stacktrace:
	GetHandleVerifier [0x0037C1C3+27395]
	(No symbol) [0x00313DC4]
	(No symbol) [0x00211B7F]
	(No symbol) [0x00252C65]
	(No symbol) [0x00252D3B]
	(No symbol) [0x0028EC82]
	(No symbol) [0x002739E4]
	(No symbol) [0x0028CB24]
	(No symbol) [0x00273736]
	(No symbol) [0x00247541]
	(No symbol) [0x002480BD]
	GetHandleVerifier [0x00633A93+2876371]
	GetHandleVerifier [0x00687F5D+3221661]
	GetHandleVerifier [0x003FD634+556916]
	GetHandleVerifier [0x0040474C+585868]
	(No symbol) [0x0031CE04]
	(No symbol) [0x00319818]
	(No symbol) [0x003199B7]
	(No symbol) [0x0030BF0E]
	BaseThreadInitThunk [0x76967BA9+25]
	RtlInitializeExceptionChain [0x76FEC10B+107]
	RtlClearBits [0x76FEC08F+191]

2024-07-12 01:01:29,289 - ERROR - Timeout occurred during fetching for goods_code: A000000205592 - Message: 
Stacktrace:
	GetHandleVerifier [0x0037C1C3+27395]
	(No symbol) [0x00313DC4]
	(No symbol) [0x00211B7F]
	(No symbol) [0x00252C65]
	(No symbol) [0x00252D3B]
	(No symbol) [0x0028EC82]
	(No symbol) [0x002739E4]
	(No symbol) [0x0028CB24]
	(No symbol) [0x00273736]
	(No symbol) [0x00247541]
	(No symbol) [0x002480BD]
	GetHandleVerifier [0x00633A93+2876371]
	GetHandleVerifier [0x00687F5D+3221661]
	GetHandleVerifier [0x003FD634+556916]
	GetHandleVerifier [0x0040474C+585868]
	(No symbol) [0x0031CE04]
	(No symbol) [0x00319818]
	(No symbol) [0x003199B7]
	(No symbol) [0x0030BF0E]
	BaseThreadInitThunk [0x76967BA9+25]
	RtlInitializeExceptionChain [0x76FEC10B+107]
	RtlClearBits [0x76FEC08F+191]

2024-07-12 01:01:46,434 - ERROR - Timeout occurred during fetching for goods_code: A000000206081 - Message: 
Stacktrace:
	GetHandleVerifier [0x0037C1C3+27395]
	(No symbol) [0x00313DC4]
	(No symbol) [0x00211B7F]
	(No symbol) [0x00252C65]
	(No symbol) [0x00252D3B]
	(No symbol) [0x0028EC82]
	(No symbol) [0x002739E4]
	(No symbol) [0x0028CB24]
	(No symbol) [0x00273736]
	(No symbol) [0x00247541]
	(No symbol) [0x002480BD]
	GetHandleVerifier [0x00633A93+2876371]
	GetHandleVerifier [0x00687F5D+3221661]
	GetHandleVerifier [0x003FD634+556916]
	GetHandleVerifier [0x0040474C+585868]
	(No symbol) [0x0031CE04]
	(No symbol) [0x00319818]
	(No symbol) [0x003199B7]
	(No symbol) [0x0030BF0E]
	BaseThreadInitThunk [0x76967BA9+25]
	RtlInitializeExceptionChain [0x76FEC10B+107]
	RtlClearBits [0x76FEC08F+191]

2024-07-12 01:01:46,438 - ERROR - Failed to fetch details for goods_code: A000000207411 - None
2024-07-12 01:01:46,438 - ERROR - Failed to fetch details for goods_code: A000000174389 - None
2024-07-12 01:01:46,439 - ERROR - Failed to fetch details for goods_code: A000000204402 - None
2024-07-12 01:01:46,440 - ERROR - Failed to fetch details for goods_code: A000000205592 - None
2024-07-12 01:01:46,440 - ERROR - Failed to fetch details for goods_code: A000000206081 - None
2024-07-12 01:01:59,285 - ERROR - Timeout occurred during fetching for goods_code: A000000174389 - Message: 
Stacktrace:
	GetHandleVerifier [0x0037C1C3+27395]
	(No symbol) [0x00313DC4]
	(No symbol) [0x00211B7F]
	(No symbol) [0x00252C65]
	(No symbol) [0x00252D3B]
	(No symbol) [0x0028EC82]
	(No symbol) [0x002739E4]
	(No symbol) [0x0028CB24]
	(No symbol) [0x00273736]
	(No symbol) [0x00247541]
	(No symbol) [0x002480BD]
	GetHandleVerifier [0x00633A93+2876371]
	GetHandleVerifier [0x00687F5D+3221661]
	GetHandleVerifier [0x003FD634+556916]
	GetHandleVerifier [0x0040474C+585868]
	(No symbol) [0x0031CE04]
	(No symbol) [0x00319818]
	(No symbol) [0x003199B7]
	(No symbol) [0x0030BF0E]
	BaseThreadInitThunk [0x76967BA9+25]
	RtlInitializeExceptionChain [0x76FEC10B+107]
	RtlClearBits [0x76FEC08F+191]

2024-07-12 01:02:12,292 - ERROR - Timeout occurred during fetching for goods_code: A000000205592 - Message: 
Stacktrace:
	GetHandleVerifier [0x0037C1C3+27395]
	(No symbol) [0x00313DC4]
	(No symbol) [0x00211B7F]
	(No symbol) [0x00252C65]
	(No symbol) [0x00252D3B]
	(No symbol) [0x0028EC82]
	(No symbol) [0x002739E4]
	(No symbol) [0x0028CB24]
	(No symbol) [0x00273736]
	(No symbol) [0x00247541]
	(No symbol) [0x002480BD]
	GetHandleVerifier [0x00633A93+2876371]
	GetHandleVerifier [0x00687F5D+3221661]
	GetHandleVerifier [0x003FD634+556916]
	GetHandleVerifier [0x0040474C+585868]
	(No symbol) [0x0031CE04]
	(No symbol) [0x00319818]
	(No symbol) [0x003199B7]
	(No symbol) [0x0030BF0E]
	BaseThreadInitThunk [0x76967BA9+25]
	RtlInitializeExceptionChain [0x76FEC10B+107]
	RtlClearBits [0x76FEC08F+191]

2024-07-12 01:11:46,078 - ERROR - Timeout occurred during fetching for goods_code: A000000187206 - Message: 
Stacktrace:
	GetHandleVerifier [0x0037C1C3+27395]
	(No symbol) [0x00313DC4]
	(No symbol) [0x00211B7F]
	(No symbol) [0x00252C65]
	(No symbol) [0x00252D3B]
	(No symbol) [0x0028EC82]
	(No symbol) [0x002739E4]
	(No symbol) [0x0028CB24]
	(No symbol) [0x00273736]
	(No symbol) [0x00247541]
	(No symbol) [0x002480BD]
	GetHandleVerifier [0x00633A93+2876371]
	GetHandleVerifier [0x00687F5D+3221661]
	GetHandleVerifier [0x003FD634+556916]
	GetHandleVerifier [0x0040474C+585868]
	(No symbol) [0x0031CE04]
	(No symbol) [0x00319818]
	(No symbol) [0x003199B7]
	(No symbol) [0x0030BF0E]
	BaseThreadInitThunk [0x76967BA9+25]
	RtlInitializeExceptionChain [0x76FEC10B+107]
	RtlClearBits [0x76FEC08F+191]

2024-07-12 01:12:10,589 - ERROR - Timeout occurred during fetching for goods_code: A000000197120 - Message: 
Stacktrace:
	GetHandleVerifier [0x0037C1C3+27395]
	(No symbol) [0x00313DC4]
	(No symbol) [0x00211B7F]
	(No symbol) [0x00252C65]
	(No symbol) [0x00252D3B]
	(No symbol) [0x0028EC82]
	(No symbol) [0x002739E4]
	(No symbol) [0x0028CB24]
	(No symbol) [0x00273736]
	(No symbol) [0x00247541]
	(No symbol) [0x002480BD]
	GetHandleVerifier [0x00633A93+2876371]
	GetHandleVerifier [0x00687F5D+3221661]
	GetHandleVerifier [0x003FD634+556916]
	GetHandleVerifier [0x0040474C+585868]
	(No symbol) [0x0031CE04]
	(No symbol) [0x00319818]
	(No symbol) [0x003199B7]
	(No symbol) [0x0030BF0E]
	BaseThreadInitThunk [0x76967BA9+25]
	RtlInitializeExceptionChain [0x76FEC10B+107]
	RtlClearBits [0x76FEC08F+191]

2024-07-12 01:12:25,143 - ERROR - Timeout occurred during fetching for goods_code: A000000154194 - Message: 
Stacktrace:
	GetHandleVerifier [0x0037C1C3+27395]
	(No symbol) [0x00313DC4]
	(No symbol) [0x00211B7F]
	(No symbol) [0x00252C65]
	(No symbol) [0x00252D3B]
	(No symbol) [0x0028EC82]
	(No symbol) [0x002739E4]
	(No symbol) [0x0028CB24]
	(No symbol) [0x00273736]
	(No symbol) [0x00247541]
	(No symbol) [0x002480BD]
	GetHandleVerifier [0x00633A93+2876371]
	GetHandleVerifier [0x00687F5D+3221661]
	GetHandleVerifier [0x003FD634+556916]
	GetHandleVerifier [0x0040474C+585868]
	(No symbol) [0x0031CE04]
	(No symbol) [0x00319818]
	(No symbol) [0x003199B7]
	(No symbol) [0x0030BF0E]
	BaseThreadInitThunk [0x76967BA9+25]
	RtlInitializeExceptionChain [0x76FEC10B+107]
	RtlClearBits [0x76FEC08F+191]

2024-07-12 01:12:51,865 - ERROR - Failed to fetch details for goods_code: A000000187206 - None
2024-07-12 01:12:51,866 - ERROR - Failed to fetch details for goods_code: A000000197120 - None
2024-07-12 01:12:51,867 - ERROR - Failed to fetch details for goods_code: A000000154194 - None
2024-07-12 01:13:03,032 - ERROR - Timeout occurred during fetching for goods_code: A000000187206 - Message: 
Stacktrace:
	GetHandleVerifier [0x0037C1C3+27395]
	(No symbol) [0x00313DC4]
	(No symbol) [0x00211B7F]
	(No symbol) [0x00252C65]
	(No symbol) [0x00252D3B]
	(No symbol) [0x0028EC82]
	(No symbol) [0x002739E4]
	(No symbol) [0x0028CB24]
	(No symbol) [0x00273736]
	(No symbol) [0x00247541]
	(No symbol) [0x002480BD]
	GetHandleVerifier [0x00633A93+2876371]
	GetHandleVerifier [0x00687F5D+3221661]
	GetHandleVerifier [0x003FD634+556916]
	GetHandleVerifier [0x0040474C+585868]
	(No symbol) [0x0031CE04]
	(No symbol) [0x00319818]
	(No symbol) [0x003199B7]
	(No symbol) [0x0030BF0E]
	BaseThreadInitThunk [0x76967BA9+25]
	RtlInitializeExceptionChain [0x76FEC10B+107]
	RtlClearBits [0x76FEC08F+191]

2024-07-12 01:13:15,598 - ERROR - Timeout occurred during fetching for goods_code: A000000154194 - Message: 
Stacktrace:
	GetHandleVerifier [0x0037C1C3+27395]
	(No symbol) [0x00313DC4]
	(No symbol) [0x00211B7F]
	(No symbol) [0x00252C65]
	(No symbol) [0x00252D3B]
	(No symbol) [0x0028EC82]
	(No symbol) [0x002739E4]
	(No symbol) [0x0028CB24]
	(No symbol) [0x00273736]
	(No symbol) [0x00247541]
	(No symbol) [0x002480BD]
	GetHandleVerifier [0x00633A93+2876371]
	GetHandleVerifier [0x00687F5D+3221661]
	GetHandleVerifier [0x003FD634+556916]
	GetHandleVerifier [0x0040474C+585868]
	(No symbol) [0x0031CE04]
	(No symbol) [0x00319818]
	(No symbol) [0x003199B7]
	(No symbol) [0x0030BF0E]
	BaseThreadInitThunk [0x76967BA9+25]
	RtlInitializeExceptionChain [0x76FEC10B+107]
	RtlClearBits [0x76FEC08F+191]

2024-07-30 22:57:46,152 - ERROR - Timeout occurred during fetching for goods_code: A000000207411 - Message: 
Stacktrace:
	GetHandleVerifier [0x00E5C203+27395]
	(No symbol) [0x00DF3E04]
	(No symbol) [0x00CF1B7F]
	(No symbol) [0x00D32C65]
	(No symbol) [0x00D32D3B]
	(No symbol) [0x00D6EC82]
	(No symbol) [0x00D539E4]
	(No symbol) [0x00D6CB24]
	(No symbol) [0x00D53736]
	(No symbol) [0x00D27541]
	(No symbol) [0x00D280BD]
	GetHandleVerifier [0x01113AB3+2876339]
	GetHandleVerifier [0x01167F7D+3221629]
	GetHandleVerifier [0x00EDD674+556916]
	GetHandleVerifier [0x00EE478C+585868]
	(No symbol) [0x00DFCE44]
	(No symbol) [0x00DF9858]
	(No symbol) [0x00DF99F7]
	(No symbol) [0x00DEBF4E]
	BaseThreadInitThunk [0x75C87BA9+25]
	RtlInitializeExceptionChain [0x77A0C10B+107]
	RtlClearBits [0x77A0C08F+191]

2024-07-30 22:58:10,072 - ERROR - Timeout occurred during fetching for goods_code: A000000204402 - Message: 
Stacktrace:
	GetHandleVerifier [0x00E5C203+27395]
	(No symbol) [0x00DF3E04]
	(No symbol) [0x00CF1B7F]
	(No symbol) [0x00D32C65]
	(No symbol) [0x00D32D3B]
	(No symbol) [0x00D6EC82]
	(No symbol) [0x00D539E4]
	(No symbol) [0x00D6CB24]
	(No symbol) [0x00D53736]
	(No symbol) [0x00D27541]
	(No symbol) [0x00D280BD]
	GetHandleVerifier [0x01113AB3+2876339]
	GetHandleVerifier [0x01167F7D+3221629]
	GetHandleVerifier [0x00EDD674+556916]
	GetHandleVerifier [0x00EE478C+585868]
	(No symbol) [0x00DFCE44]
	(No symbol) [0x00DF9858]
	(No symbol) [0x00DF99F7]
	(No symbol) [0x00DEBF4E]
	BaseThreadInitThunk [0x75C87BA9+25]
	RtlInitializeExceptionChain [0x77A0C10B+107]
	RtlClearBits [0x77A0C08F+191]

2024-07-30 22:58:24,796 - ERROR - Timeout occurred during fetching for goods_code: A000000192503 - Message: 
Stacktrace:
	GetHandleVerifier [0x00E5C203+27395]
	(No symbol) [0x00DF3E04]
	(No symbol) [0x00CF1B7F]
	(No symbol) [0x00D32C65]
	(No symbol) [0x00D32D3B]
	(No symbol) [0x00D6EC82]
	(No symbol) [0x00D539E4]
	(No symbol) [0x00D6CB24]
	(No symbol) [0x00D53736]
	(No symbol) [0x00D27541]
	(No symbol) [0x00D280BD]
	GetHandleVerifier [0x01113AB3+2876339]
	GetHandleVerifier [0x01167F7D+3221629]
	GetHandleVerifier [0x00EDD674+556916]
	GetHandleVerifier [0x00EE478C+585868]
	(No symbol) [0x00DFCE44]
	(No symbol) [0x00DF9858]
	(No symbol) [0x00DF99F7]
	(No symbol) [0x00DEBF4E]
	BaseThreadInitThunk [0x75C87BA9+25]
	RtlInitializeExceptionChain [0x77A0C10B+107]
	RtlClearBits [0x77A0C08F+191]

2024-07-30 22:58:39,370 - ERROR - Timeout occurred during fetching for goods_code: A000000205592 - Message: 
Stacktrace:
	GetHandleVerifier [0x00E5C203+27395]
	(No symbol) [0x00DF3E04]
	(No symbol) [0x00CF1B7F]
	(No symbol) [0x00D32C65]
	(No symbol) [0x00D32D3B]
	(No symbol) [0x00D6EC82]
	(No symbol) [0x00D539E4]
	(No symbol) [0x00D6CB24]
	(No symbol) [0x00D53736]
	(No symbol) [0x00D27541]
	(No symbol) [0x00D280BD]
	GetHandleVerifier [0x01113AB3+2876339]
	GetHandleVerifier [0x01167F7D+3221629]
	GetHandleVerifier [0x00EDD674+556916]
	GetHandleVerifier [0x00EE478C+585868]
	(No symbol) [0x00DFCE44]
	(No symbol) [0x00DF9858]
	(No symbol) [0x00DF99F7]
	(No symbol) [0x00DEBF4E]
	BaseThreadInitThunk [0x75C87BA9+25]
	RtlInitializeExceptionChain [0x77A0C10B+107]
	RtlClearBits [0x77A0C08F+191]

2024-07-30 22:58:56,640 - ERROR - Timeout occurred during fetching for goods_code: A000000206081 - Message: 
Stacktrace:
	GetHandleVerifier [0x00E5C203+27395]
	(No symbol) [0x00DF3E04]
	(No symbol) [0x00CF1B7F]
	(No symbol) [0x00D32C65]
	(No symbol) [0x00D32D3B]
	(No symbol) [0x00D6EC82]
	(No symbol) [0x00D539E4]
	(No symbol) [0x00D6CB24]
	(No symbol) [0x00D53736]
	(No symbol) [0x00D27541]
	(No symbol) [0x00D280BD]
	GetHandleVerifier [0x01113AB3+2876339]
	GetHandleVerifier [0x01167F7D+3221629]
	GetHandleVerifier [0x00EDD674+556916]
	GetHandleVerifier [0x00EE478C+585868]
	(No symbol) [0x00DFCE44]
	(No symbol) [0x00DF9858]
	(No symbol) [0x00DF99F7]
	(No symbol) [0x00DEBF4E]
	BaseThreadInitThunk [0x75C87BA9+25]
	RtlInitializeExceptionChain [0x77A0C10B+107]
	RtlClearBits [0x77A0C08F+191]

2024-07-30 22:59:22,954 - ERROR - Timeout occurred during fetching for goods_code: B000000206490 - Message: 
Stacktrace:
	GetHandleVerifier [0x00E5C203+27395]
	(No symbol) [0x00DF3E04]
	(No symbol) [0x00CF1B7F]
	(No symbol) [0x00D32C65]
	(No symbol) [0x00D32D3B]
	(No symbol) [0x00D6EC82]
	(No symbol) [0x00D539E4]
	(No symbol) [0x00D6CB24]
	(No symbol) [0x00D53736]
	(No symbol) [0x00D27541]
	(No symbol) [0x00D280BD]
	GetHandleVerifier [0x01113AB3+2876339]
	GetHandleVerifier [0x01167F7D+3221629]
	GetHandleVerifier [0x00EDD674+556916]
	GetHandleVerifier [0x00EE478C+585868]
	(No symbol) [0x00DFCE44]
	(No symbol) [0x00DF9858]
	(No symbol) [0x00DF99F7]
	(No symbol) [0x00DEBF4E]
	BaseThreadInitThunk [0x75C87BA9+25]
	RtlInitializeExceptionChain [0x77A0C10B+107]
	RtlClearBits [0x77A0C08F+191]

2024-07-30 22:59:37,330 - ERROR - Timeout occurred during fetching for goods_code: A000000206091 - Message: 
Stacktrace:
	GetHandleVerifier [0x00E5C203+27395]
	(No symbol) [0x00DF3E04]
	(No symbol) [0x00CF1B7F]
	(No symbol) [0x00D32C65]
	(No symbol) [0x00D32D3B]
	(No symbol) [0x00D6EC82]
	(No symbol) [0x00D539E4]
	(No symbol) [0x00D6CB24]
	(No symbol) [0x00D53736]
	(No symbol) [0x00D27541]
	(No symbol) [0x00D280BD]
	GetHandleVerifier [0x01113AB3+2876339]
	GetHandleVerifier [0x01167F7D+3221629]
	GetHandleVerifier [0x00EDD674+556916]
	GetHandleVerifier [0x00EE478C+585868]
	(No symbol) [0x00DFCE44]
	(No symbol) [0x00DF9858]
	(No symbol) [0x00DF99F7]
	(No symbol) [0x00DEBF4E]
	BaseThreadInitThunk [0x75C87BA9+25]
	RtlInitializeExceptionChain [0x77A0C10B+107]
	RtlClearBits [0x77A0C08F+191]

2024-07-30 22:59:37,347 - ERROR - Failed to fetch details for goods_code: A000000207411 - None
2024-07-30 22:59:37,348 - ERROR - Failed to fetch details for goods_code: A000000204402 - None
2024-07-30 22:59:37,348 - ERROR - Failed to fetch details for goods_code: A000000192503 - None
2024-07-30 22:59:37,349 - ERROR - Failed to fetch details for goods_code: A000000205592 - None
2024-07-30 22:59:37,349 - ERROR - Failed to fetch details for goods_code: A000000206081 - None
2024-07-30 22:59:37,350 - ERROR - Failed to fetch details for goods_code: B000000206490 - None
2024-07-30 22:59:37,350 - ERROR - Failed to fetch details for goods_code: A000000206091 - None
2024-07-30 22:59:48,026 - ERROR - Timeout occurred during fetching for goods_code: A000000207411 - Message: 
Stacktrace:
	GetHandleVerifier [0x00E5C203+27395]
	(No symbol) [0x00DF3E04]
	(No symbol) [0x00CF1B7F]
	(No symbol) [0x00D32C65]
	(No symbol) [0x00D32D3B]
	(No symbol) [0x00D6EC82]
	(No symbol) [0x00D539E4]
	(No symbol) [0x00D6CB24]
	(No symbol) [0x00D53736]
	(No symbol) [0x00D27541]
	(No symbol) [0x00D280BD]
	GetHandleVerifier [0x01113AB3+2876339]
	GetHandleVerifier [0x01167F7D+3221629]
	GetHandleVerifier [0x00EDD674+556916]
	GetHandleVerifier [0x00EE478C+585868]
	(No symbol) [0x00DFCE44]
	(No symbol) [0x00DF9858]
	(No symbol) [0x00DF99F7]
	(No symbol) [0x00DEBF4E]
	BaseThreadInitThunk [0x75C87BA9+25]
	RtlInitializeExceptionChain [0x77A0C10B+107]
	RtlClearBits [0x77A0C08F+191]

2024-07-30 23:00:02,655 - ERROR - Timeout occurred during fetching for goods_code: A000000205592 - Message: 
Stacktrace:
	GetHandleVerifier [0x00E5C203+27395]
	(No symbol) [0x00DF3E04]
	(No symbol) [0x00CF1B7F]
	(No symbol) [0x00D32C65]
	(No symbol) [0x00D32D3B]
	(No symbol) [0x00D6EC82]
	(No symbol) [0x00D539E4]
	(No symbol) [0x00D6CB24]
	(No symbol) [0x00D53736]
	(No symbol) [0x00D27541]
	(No symbol) [0x00D280BD]
	GetHandleVerifier [0x01113AB3+2876339]
	GetHandleVerifier [0x01167F7D+3221629]
	GetHandleVerifier [0x00EDD674+556916]
	GetHandleVerifier [0x00EE478C+585868]
	(No symbol) [0x00DFCE44]
	(No symbol) [0x00DF9858]
	(No symbol) [0x00DF99F7]
	(No symbol) [0x00DEBF4E]
	BaseThreadInitThunk [0x75C87BA9+25]
	RtlInitializeExceptionChain [0x77A0C10B+107]
	RtlClearBits [0x77A0C08F+191]

2024-07-30 23:00:16,934 - ERROR - Timeout occurred during fetching for goods_code: A000000206091 - Message: 
Stacktrace:
	GetHandleVerifier [0x00E5C203+27395]
	(No symbol) [0x00DF3E04]
	(No symbol) [0x00CF1B7F]
	(No symbol) [0x00D32C65]
	(No symbol) [0x00D32D3B]
	(No symbol) [0x00D6EC82]
	(No symbol) [0x00D539E4]
	(No symbol) [0x00D6CB24]
	(No symbol) [0x00D53736]
	(No symbol) [0x00D27541]
	(No symbol) [0x00D280BD]
	GetHandleVerifier [0x01113AB3+2876339]
	GetHandleVerifier [0x01167F7D+3221629]
	GetHandleVerifier [0x00EDD674+556916]
	GetHandleVerifier [0x00EE478C+585868]
	(No symbol) [0x00DFCE44]
	(No symbol) [0x00DF9858]
	(No symbol) [0x00DF99F7]
	(No symbol) [0x00DEBF4E]
	BaseThreadInitThunk [0x75C87BA9+25]
	RtlInitializeExceptionChain [0x77A0C10B+107]
	RtlClearBits [0x77A0C08F+191]

