2024-07-30 22:59:37,330 - ERROR - Timeout occurred during fetching for goods_code: A000000206091 - Message: 
Stacktrace:
	GetHandleVerifier [0x00E5C203+27395]
	(No symbol) [0x00DF3E04]
	(No symbol) [0x00CF1B7F]
	(No symbol) [0x00D32C65]
	(No symbol) [0x00D32D3B]
	(No symbol) [0x00D6EC82]
	(No symbol) [0x00D539E4]
	(No symbol) [0x00D6CB24]
	(No symbol) [0x00D53736]
	(No symbol) [0x00D27541]
	(No symbol) [0x00D280BD]
	GetHandleVerifier [0x01113AB3+2876339]
	GetHandleVerifier [0x01167F7D+3221629]
	GetHandleVerifier [0x00EDD674+556916]
	GetHandleVerifier [0x00EE478C+585868]
	(No symbol) [0x00DFCE44]
	(No symbol) [0x00DF9858]
	(No symbol) [0x00DF99F7]
	(No symbol) [0x00DEBF4E]
	BaseThreadInitThunk [0x75C87BA9+25]
	RtlInitializeExceptionChain [0x77A0C10B+107]
	RtlClearBits [0x77A0C08F+191]

2024-07-30 22:59:37,347 - ERROR - Failed to fetch details for goods_code: A000000207411 - None
2024-07-30 22:59:37,348 - ERROR - Failed to fetch details for goods_code: A000000204402 - None
2024-07-30 22:59:37,348 - ERROR - Failed to fetch details for goods_code: A000000192503 - None
2024-07-30 22:59:37,349 - ERROR - Failed to fetch details for goods_code: A000000205592 - None
2024-07-30 22:59:37,349 - ERROR - Failed to fetch details for goods_code: A000000206081 - None
2024-07-30 22:59:37,350 - ERROR - Failed to fetch details for goods_code: B000000206490 - None
2024-07-30 22:59:37,350 - ERROR - Failed to fetch details for goods_code: A000000206091 - None
2024-07-30 22:59:37,350 - INFO - Retry attempt 1 for failed codes: ['A000000207411', 'A000000204402', 'A000000192503', 'A000000205592', 'A000000206081', 'B000000206490', 'A000000206091']
2024-07-30 22:59:37,351 - INFO - Retrying for failed codes: ['A000000207411', 'A000000204402', 'A000000192503', 'A000000205592', 'A000000206081', 'B000000206490', 'A000000206091']
2024-07-30 22:59:48,026 - ERROR - Timeout occurred during fetching for goods_code: A000000207411 - Message: 
Stacktrace:
	GetHandleVerifier [0x00E5C203+27395]
	(No symbol) [0x00DF3E04]
	(No symbol) [0x00CF1B7F]
	(No symbol) [0x00D32C65]
	(No symbol) [0x00D32D3B]
	(No symbol) [0x00D6EC82]
	(No symbol) [0x00D539E4]
	(No symbol) [0x00D6CB24]
	(No symbol) [0x00D53736]
	(No symbol) [0x00D27541]
	(No symbol) [0x00D280BD]
	GetHandleVerifier [0x01113AB3+2876339]
	GetHandleVerifier [0x01167F7D+3221629]
	GetHandleVerifier [0x00EDD674+556916]
	GetHandleVerifier [0x00EE478C+585868]
	(No symbol) [0x00DFCE44]
	(No symbol) [0x00DF9858]
	(No symbol) [0x00DF99F7]
	(No symbol) [0x00DEBF4E]
	BaseThreadInitThunk [0x75C87BA9+25]
	RtlInitializeExceptionChain [0x77A0C10B+107]
	RtlClearBits [0x77A0C08F+191]

2024-07-30 23:00:02,655 - ERROR - Timeout occurred during fetching for goods_code: A000000205592 - Message: 
Stacktrace:
	GetHandleVerifier [0x00E5C203+27395]
	(No symbol) [0x00DF3E04]
	(No symbol) [0x00CF1B7F]
	(No symbol) [0x00D32C65]
	(No symbol) [0x00D32D3B]
	(No symbol) [0x00D6EC82]
	(No symbol) [0x00D539E4]
	(No symbol) [0x00D6CB24]
	(No symbol) [0x00D53736]
	(No symbol) [0x00D27541]
	(No symbol) [0x00D280BD]
	GetHandleVerifier [0x01113AB3+2876339]
	GetHandleVerifier [0x01167F7D+3221629]
	GetHandleVerifier [0x00EDD674+556916]
	GetHandleVerifier [0x00EE478C+585868]
	(No symbol) [0x00DFCE44]
	(No symbol) [0x00DF9858]
	(No symbol) [0x00DF99F7]
	(No symbol) [0x00DEBF4E]
	BaseThreadInitThunk [0x75C87BA9+25]
	RtlInitializeExceptionChain [0x77A0C10B+107]
	RtlClearBits [0x77A0C08F+191]

2024-07-30 23:00:16,934 - ERROR - Timeout occurred during fetching for goods_code: A000000206091 - Message: 
Stacktrace:
	GetHandleVerifier [0x00E5C203+27395]
	(No symbol) [0x00DF3E04]
	(No symbol) [0x00CF1B7F]
	(No symbol) [0x00D32C65]
	(No symbol) [0x00D32D3B]
	(No symbol) [0x00D6EC82]
	(No symbol) [0x00D539E4]
	(No symbol) [0x00D6CB24]
	(No symbol) [0x00D53736]
	(No symbol) [0x00D27541]
	(No symbol) [0x00D280BD]
	GetHandleVerifier [0x01113AB3+2876339]
	GetHandleVerifier [0x01167F7D+3221629]
	GetHandleVerifier [0x00EDD674+556916]
	GetHandleVerifier [0x00EE478C+585868]
	(No symbol) [0x00DFCE44]
	(No symbol) [0x00DF9858]
	(No symbol) [0x00DF99F7]
	(No symbol) [0x00DEBF4E]
	BaseThreadInitThunk [0x75C87BA9+25]
	RtlInitializeExceptionChain [0x77A0C10B+107]
	RtlClearBits [0x77A0C08F+191]

2024-07-30 23:00:16,937 - INFO - Failed codes after attempt 1: []
2024-08-23 00:54:16,723 - ERROR - Timeout occurred during fetching for goods_code: A000000206903 - Message: 
Stacktrace:
	GetHandleVerifier [0x003181F3+26163]
	(No symbol) [0x002A9CA4]
	(No symbol) [0x001A24C3]
	(No symbol) [0x001E7453]
	(No symbol) [0x001E762B]
	(No symbol) [0x00226B62]
	(No symbol) [0x0020AD04]
	(No symbol) [0x00224661]
	(No symbol) [0x0020AA56]
	(No symbol) [0x001DBE89]
	(No symbol) [0x001DC8CD]
	GetHandleVerifier [0x005ECED3+2994963]
	GetHandleVerifier [0x00641749+3341193]
	GetHandleVerifier [0x003A7ACF+614159]
	GetHandleVerifier [0x003AF15C+644508]
	(No symbol) [0x002B27DD]
	(No symbol) [0x002AF6D8]
	(No symbol) [0x002AF875]
	(No symbol) [0x002A1BF6]
	BaseThreadInitThunk [0x76A3FCC9+25]
	RtlGetAppContainerNamedObjectPath [0x774A80CE+286]
	RtlGetAppContainerNamedObjectPath [0x774A809E+238]
	(No symbol) [0x00000000]

2024-08-23 00:54:16,760 - ERROR - Failed to fetch details for goods_code: A000000206903 - None
2024-08-23 00:54:16,763 - INFO - Retry attempt 1 for failed codes: ['A000000206903']
2024-08-23 00:54:16,764 - INFO - Retrying for failed codes: ['A000000206903']
2024-08-23 00:54:31,199 - ERROR - Timeout occurred during fetching for goods_code: A000000206903 - Message: 
Stacktrace:
	GetHandleVerifier [0x003181F3+26163]
	(No symbol) [0x002A9CA4]
	(No symbol) [0x001A24C3]
	(No symbol) [0x001E7453]
	(No symbol) [0x001E762B]
	(No symbol) [0x00226B62]
	(No symbol) [0x0020AD04]
	(No symbol) [0x00224661]
	(No symbol) [0x0020AA56]
	(No symbol) [0x001DBE89]
	(No symbol) [0x001DC8CD]
	GetHandleVerifier [0x005ECED3+2994963]
	GetHandleVerifier [0x00641749+3341193]
	GetHandleVerifier [0x003A7ACF+614159]
	GetHandleVerifier [0x003AF15C+644508]
	(No symbol) [0x002B27DD]
	(No symbol) [0x002AF6D8]
	(No symbol) [0x002AF875]
	(No symbol) [0x002A1BF6]
	BaseThreadInitThunk [0x76A3FCC9+25]
	RtlGetAppContainerNamedObjectPath [0x774A80CE+286]
	RtlGetAppContainerNamedObjectPath [0x774A809E+238]
	(No symbol) [0x00000000]

2024-08-23 00:54:31,262 - INFO - Failed codes after attempt 1: []
2025-06-15 17:33:07,881 - ERROR - Timeout occurred during fetching for goods_code: A000000201646 - Message: 
Stacktrace:
	GetHandleVerifier [0x0x7ff74976fe75+79173]
	GetHandleVerifier [0x0x7ff74976fed0+79264]
	(No symbol) [0x0x7ff749529e5a]
	(No symbol) [0x0x7ff749580586]
	(No symbol) [0x0x7ff74958083c]
	(No symbol) [0x0x7ff7495d4247]
	(No symbol) [0x0x7ff7495a89af]
	(No symbol) [0x0x7ff7495d100d]
	(No symbol) [0x0x7ff7495a8743]
	(No symbol) [0x0x7ff7495714c1]
	(No symbol) [0x0x7ff749572253]
	GetHandleVerifier [0x0x7ff749a3a2ad+3004797]
	GetHandleVerifier [0x0x7ff749a346fd+2981325]
	GetHandleVerifier [0x0x7ff749a53350+3107360]
	GetHandleVerifier [0x0x7ff74978a9fe+188622]
	GetHandleVerifier [0x0x7ff74979228f+219487]
	GetHandleVerifier [0x0x7ff749778dc4+115860]
	GetHandleVerifier [0x0x7ff749778f79+116297]
	GetHandleVerifier [0x0x7ff74975f528+11256]
	BaseThreadInitThunk [0x0x7ffb70eae8d7+23]
	RtlUserThreadStart [0x0x7ffb71ddc5dc+44]

2025-06-15 17:33:21,321 - ERROR - Timeout occurred during fetching for goods_code: A000000207411 - Message: 
Stacktrace:
	GetHandleVerifier [0x0x7ff74976fe75+79173]
	GetHandleVerifier [0x0x7ff74976fed0+79264]
	(No symbol) [0x0x7ff749529e5a]
	(No symbol) [0x0x7ff749580586]
	(No symbol) [0x0x7ff74958083c]
	(No symbol) [0x0x7ff7495d4247]
	(No symbol) [0x0x7ff7495a89af]
	(No symbol) [0x0x7ff7495d100d]
	(No symbol) [0x0x7ff7495a8743]
	(No symbol) [0x0x7ff7495714c1]
	(No symbol) [0x0x7ff749572253]
	GetHandleVerifier [0x0x7ff749a3a2ad+3004797]
	GetHandleVerifier [0x0x7ff749a346fd+2981325]
	GetHandleVerifier [0x0x7ff749a53350+3107360]
	GetHandleVerifier [0x0x7ff74978a9fe+188622]
	GetHandleVerifier [0x0x7ff74979228f+219487]
	GetHandleVerifier [0x0x7ff749778dc4+115860]
	GetHandleVerifier [0x0x7ff749778f79+116297]
	GetHandleVerifier [0x0x7ff74975f528+11256]
	BaseThreadInitThunk [0x0x7ffb70eae8d7+23]
	RtlUserThreadStart [0x0x7ffb71ddc5dc+44]

2025-06-15 17:33:41,641 - ERROR - Timeout occurred during fetching for goods_code: A000000207413 - Message: 
Stacktrace:
	GetHandleVerifier [0x0x7ff74976fe75+79173]
	GetHandleVerifier [0x0x7ff74976fed0+79264]
	(No symbol) [0x0x7ff749529e5a]
	(No symbol) [0x0x7ff749580586]
	(No symbol) [0x0x7ff74958083c]
	(No symbol) [0x0x7ff7495d4247]
	(No symbol) [0x0x7ff7495a89af]
	(No symbol) [0x0x7ff7495d100d]
	(No symbol) [0x0x7ff7495a8743]
	(No symbol) [0x0x7ff7495714c1]
	(No symbol) [0x0x7ff749572253]
	GetHandleVerifier [0x0x7ff749a3a2ad+3004797]
	GetHandleVerifier [0x0x7ff749a346fd+2981325]
	GetHandleVerifier [0x0x7ff749a53350+3107360]
	GetHandleVerifier [0x0x7ff74978a9fe+188622]
	GetHandleVerifier [0x0x7ff74979228f+219487]
	GetHandleVerifier [0x0x7ff749778dc4+115860]
	GetHandleVerifier [0x0x7ff749778f79+116297]
	GetHandleVerifier [0x0x7ff74975f528+11256]
	BaseThreadInitThunk [0x0x7ffb70eae8d7+23]
	RtlUserThreadStart [0x0x7ffb71ddc5dc+44]

2025-06-15 17:33:55,164 - ERROR - Timeout occurred during fetching for goods_code: A000000206617 - Message: 
Stacktrace:
	GetHandleVerifier [0x0x7ff74976fe75+79173]
	GetHandleVerifier [0x0x7ff74976fed0+79264]
	(No symbol) [0x0x7ff749529e5a]
	(No symbol) [0x0x7ff749580586]
	(No symbol) [0x0x7ff74958083c]
	(No symbol) [0x0x7ff7495d4247]
	(No symbol) [0x0x7ff7495a89af]
	(No symbol) [0x0x7ff7495d100d]
	(No symbol) [0x0x7ff7495a8743]
	(No symbol) [0x0x7ff7495714c1]
	(No symbol) [0x0x7ff749572253]
	GetHandleVerifier [0x0x7ff749a3a2ad+3004797]
	GetHandleVerifier [0x0x7ff749a346fd+2981325]
	GetHandleVerifier [0x0x7ff749a53350+3107360]
	GetHandleVerifier [0x0x7ff74978a9fe+188622]
	GetHandleVerifier [0x0x7ff74979228f+219487]
	GetHandleVerifier [0x0x7ff749778dc4+115860]
	GetHandleVerifier [0x0x7ff749778f79+116297]
	GetHandleVerifier [0x0x7ff74975f528+11256]
	BaseThreadInitThunk [0x0x7ffb70eae8d7+23]
	RtlUserThreadStart [0x0x7ffb71ddc5dc+44]

2025-06-15 17:33:55,165 - ERROR - Failed to fetch details for goods_code: A000000201646 - None
2025-06-15 17:33:55,166 - ERROR - Failed to fetch details for goods_code: A000000207411 - None
2025-06-15 17:33:55,167 - ERROR - Failed to fetch details for goods_code: A000000207413 - None
2025-06-15 17:33:55,167 - ERROR - Failed to fetch details for goods_code: A000000206617 - None
2025-06-15 17:33:55,168 - INFO - Retry attempt 1 for failed codes: ['A000000201646', 'A000000207411', 'A000000207413', 'A000000206617']
2025-06-15 17:33:55,168 - INFO - Retrying for failed codes: ['A000000201646', 'A000000207411', 'A000000207413', 'A000000206617']
2025-06-15 17:34:06,102 - ERROR - Timeout occurred during fetching for goods_code: A000000201646 - Message: 
Stacktrace:
	GetHandleVerifier [0x0x7ff74976fe75+79173]
	GetHandleVerifier [0x0x7ff74976fed0+79264]
	(No symbol) [0x0x7ff749529e5a]
	(No symbol) [0x0x7ff749580586]
	(No symbol) [0x0x7ff74958083c]
	(No symbol) [0x0x7ff7495d4247]
	(No symbol) [0x0x7ff7495a89af]
	(No symbol) [0x0x7ff7495d100d]
	(No symbol) [0x0x7ff7495a8743]
	(No symbol) [0x0x7ff7495714c1]
	(No symbol) [0x0x7ff749572253]
	GetHandleVerifier [0x0x7ff749a3a2ad+3004797]
	GetHandleVerifier [0x0x7ff749a346fd+2981325]
	GetHandleVerifier [0x0x7ff749a53350+3107360]
	GetHandleVerifier [0x0x7ff74978a9fe+188622]
	GetHandleVerifier [0x0x7ff74979228f+219487]
	GetHandleVerifier [0x0x7ff749778dc4+115860]
	GetHandleVerifier [0x0x7ff749778f79+116297]
	GetHandleVerifier [0x0x7ff74975f528+11256]
	BaseThreadInitThunk [0x0x7ffb70eae8d7+23]
	RtlUserThreadStart [0x0x7ffb71ddc5dc+44]

2025-06-15 17:34:17,154 - ERROR - Timeout occurred during fetching for goods_code: A000000207411 - Message: 
Stacktrace:
	GetHandleVerifier [0x0x7ff74976fe75+79173]
	GetHandleVerifier [0x0x7ff74976fed0+79264]
	(No symbol) [0x0x7ff749529e5a]
	(No symbol) [0x0x7ff749580586]
	(No symbol) [0x0x7ff74958083c]
	(No symbol) [0x0x7ff7495d4247]
	(No symbol) [0x0x7ff7495a89af]
	(No symbol) [0x0x7ff7495d100d]
	(No symbol) [0x0x7ff7495a8743]
	(No symbol) [0x0x7ff7495714c1]
	(No symbol) [0x0x7ff749572253]
	GetHandleVerifier [0x0x7ff749a3a2ad+3004797]
	GetHandleVerifier [0x0x7ff749a346fd+2981325]
	GetHandleVerifier [0x0x7ff749a53350+3107360]
	GetHandleVerifier [0x0x7ff74978a9fe+188622]
	GetHandleVerifier [0x0x7ff74979228f+219487]
	GetHandleVerifier [0x0x7ff749778dc4+115860]
	GetHandleVerifier [0x0x7ff749778f79+116297]
	GetHandleVerifier [0x0x7ff74975f528+11256]
	BaseThreadInitThunk [0x0x7ffb70eae8d7+23]
	RtlUserThreadStart [0x0x7ffb71ddc5dc+44]

2025-06-15 17:34:28,282 - ERROR - Timeout occurred during fetching for goods_code: A000000207413 - Message: 
Stacktrace:
	GetHandleVerifier [0x0x7ff74976fe75+79173]
	GetHandleVerifier [0x0x7ff74976fed0+79264]
	(No symbol) [0x0x7ff749529e5a]
	(No symbol) [0x0x7ff749580586]
	(No symbol) [0x0x7ff74958083c]
	(No symbol) [0x0x7ff7495d4247]
	(No symbol) [0x0x7ff7495a89af]
	(No symbol) [0x0x7ff7495d100d]
	(No symbol) [0x0x7ff7495a8743]
	(No symbol) [0x0x7ff7495714c1]
	(No symbol) [0x0x7ff749572253]
	GetHandleVerifier [0x0x7ff749a3a2ad+3004797]
	GetHandleVerifier [0x0x7ff749a346fd+2981325]
	GetHandleVerifier [0x0x7ff749a53350+3107360]
	GetHandleVerifier [0x0x7ff74978a9fe+188622]
	GetHandleVerifier [0x0x7ff74979228f+219487]
	GetHandleVerifier [0x0x7ff749778dc4+115860]
	GetHandleVerifier [0x0x7ff749778f79+116297]
	GetHandleVerifier [0x0x7ff74975f528+11256]
	BaseThreadInitThunk [0x0x7ffb70eae8d7+23]
	RtlUserThreadStart [0x0x7ffb71ddc5dc+44]

2025-06-15 17:34:39,111 - ERROR - Timeout occurred during fetching for goods_code: A000000206617 - Message: 
Stacktrace:
	GetHandleVerifier [0x0x7ff74976fe75+79173]
	GetHandleVerifier [0x0x7ff74976fed0+79264]
	(No symbol) [0x0x7ff749529e5a]
	(No symbol) [0x0x7ff749580586]
	(No symbol) [0x0x7ff74958083c]
	(No symbol) [0x0x7ff7495d4247]
	(No symbol) [0x0x7ff7495a89af]
	(No symbol) [0x0x7ff7495d100d]
	(No symbol) [0x0x7ff7495a8743]
	(No symbol) [0x0x7ff7495714c1]
	(No symbol) [0x0x7ff749572253]
	GetHandleVerifier [0x0x7ff749a3a2ad+3004797]
	GetHandleVerifier [0x0x7ff749a346fd+2981325]
	GetHandleVerifier [0x0x7ff749a53350+3107360]
	GetHandleVerifier [0x0x7ff74978a9fe+188622]
	GetHandleVerifier [0x0x7ff74979228f+219487]
	GetHandleVerifier [0x0x7ff749778dc4+115860]
	GetHandleVerifier [0x0x7ff749778f79+116297]
	GetHandleVerifier [0x0x7ff74975f528+11256]
	BaseThreadInitThunk [0x0x7ffb70eae8d7+23]
	RtlUserThreadStart [0x0x7ffb71ddc5dc+44]

2025-06-15 17:34:39,111 - INFO - Failed codes after attempt 1: []
